{
  "pages": [
    {
      "width": 612,
      "height": 792,
      "number": 1,
      "blocks": [
        {
          "x0": 50.0,
          "y0": 50.0,
          "x1": 249.65518417712144,
          "y1": 70.91948714805606,
          "text": "This is text block 1. It contains sample text for testing.",
          "font": "Arial",
          "font_size": 12.0,
          "confidence": 0.99
        },
        {
          "x0": 306.0,
          "y0": 50.0,
          "x1": 477.31841554797984,
          "y1": 84.95596068534621,
          "text": "This is text block 2. It contains sample text for testing.",
          "font": "Arial",
          "font_size": 12.0,
          "confidence": 0.99
        },
        {
          "x0": 50.0,
          "y0": 280.66666666666663,
          "x1": 218.32302544508718,
          "y1": 311.9399265342394,
          "text": "This is text block 3. It contains sample text for testing.",
          "font": "Arial",
          "font_size": 12.0,
          "confidence": 0.99
        },
        {
          "x0": 306.0,
          "y0": 280.66666666666663,
          "x1": 537.4828788425182,
          "y1": 309.24720027536944,
          "text": "This is text block 4. It contains sample text for testing.",
          "font": "Arial",
          "font_size": 12.0,
          "confidence": 0.99
        },
        {
          "x0": 50.0,
          "y0": 511.3333333333333,
          "x1": 191.23559279713365,
          "y1": 548.7029931728077,
          "text": "This is text block 5. It contains sample text for testing.",
          "font": "Arial",
          "font_size": 12.0,
          "confidence": 0.99
        },
        {
          "x0": 306.0,
          "y0": 511.3333333333333,
          "x1": 509.04210471164674,
          "y1": 532.123153034908,
          "text": "This is text block 6. It contains sample text for testing.",
          "font": "Arial",
          "font_size": 12.0,
          "confidence": 0.99
        },
        {
          "x0": 160.76140499968955,
          "y0": 239.03060021777824,
          "x1": 377.71722866885284,
          "y1": 270.07086473567904,
          "text": "This is text block 7. It contains sample text for testing.",
          "font": "Arial",
          "font_size": 12.0,
          "confidence": 0.99
        },
        {
          "x0": 124.33741084276284,
          "y0": 330.2016866875472,
          "x1": 279.3915227541888,
          "y1": 361.6728064664907,
          "text": "This is text block 8. It contains sample text for testing.",
          "font": "Arial",
          "font_size": 12.0,
          "confidence": 0.99
        },
        {
          "x0": 134.58965774679902,
          "y0": 87.1523383949849,
          "x1": 354.0930848434663,
          "y1": 122.51446939324201,
          "text": "This is text block 9. It contains sample text for testing.",
          "font": "Arial",
          "font_size": 12.0,
          "confidence": 0.99
        },
        {
          "x0": 227.59300953268334,
          "y0": 506.72624622904,
          "x1": 385.8898885119828,
          "y1": 530.0433232116085,
          "text": "This is text block 10. It contains sample text for testing.",
          "font": "Arial",
          "font_size": 12.0,
          "confidence": 0.99
        }
      ],
      "tables": [
        {
          "x0": 170.7098516586032,
          "y0": 147.80294988869818,
          "x1": 529.7881713485433,
          "y1": 319.82809855007724,
          "rows": 5,
          "cols": 4,
          "cells": [
            {
              "row": 0,
              "col": 0,
              "x0": 170.7098516586032,
              "y0": 147.80294988869818,
              "x1": 260.47943158108825,
              "y1": 182.207979620974,
              "text": "Cell R0C0"
            },
            {
              "row": 0,
              "col": 1,
              "x0": 260.47943158108825,
              "y0": 147.80294988869818,
              "x1": 350.2490115035733,
              "y1": 182.207979620974,
              "text": "Cell R0C1"
            },
            {
              "row": 0,
              "col": 2,
              "x0": 350.2490115035733,
              "y0": 147.80294988869818,
              "x1": 440.0185914260583,
              "y1": 182.207979620974,
              "text": "Cell R0C2"
            },
            {
              "row": 0,
              "col": 3,
              "x0": 440.0185914260583,
              "y0": 147.80294988869818,
              "x1": 529.7881713485433,
              "y1": 182.207979620974,
              "text": "Cell R0C3"
            },
            {
              "row": 1,
              "col": 0,
              "x0": 170.7098516586032,
              "y0": 182.207979620974,
              "x1": 260.47943158108825,
              "y1": 216.6130093532498,
              "text": "Cell R1C0"
            },
            {
              "row": 1,
              "col": 1,
              "x0": 260.47943158108825,
              "y0": 182.207979620974,
              "x1": 350.2490115035733,
              "y1": 216.6130093532498,
              "text": "Cell R1C1"
            },
            {
              "row": 1,
              "col": 2,
              "x0": 350.2490115035733,
              "y0": 182.207979620974,
              "x1": 440.0185914260583,
              "y1": 216.6130093532498,
              "text": "Cell R1C2"
            },
            {
              "row": 1,
              "col": 3,
              "x0": 440.0185914260583,
              "y0": 182.207979620974,
              "x1": 529.7881713485433,
              "y1": 216.6130093532498,
              "text": "Cell R1C3"
            },
            {
              "row": 2,
              "col": 0,
              "x0": 170.7098516586032,
              "y0": 216.6130093532498,
              "x1": 260.47943158108825,
              "y1": 251.0180390855256,
              "text": "Cell R2C0"
            },
            {
              "row": 2,
              "col": 1,
              "x0": 260.47943158108825,
              "y0": 216.6130093532498,
              "x1": 350.2490115035733,
              "y1": 251.0180390855256,
              "text": "Cell R2C1"
            },
            {
              "row": 2,
              "col": 2,
              "x0": 350.2490115035733,
              "y0": 216.6130093532498,
              "x1": 440.0185914260583,
              "y1": 251.0180390855256,
              "text": "Cell R2C2"
            },
            {
              "row": 2,
              "col": 3,
              "x0": 440.0185914260583,
              "y0": 216.6130093532498,
              "x1": 529.7881713485433,
              "y1": 251.0180390855256,
              "text": "Cell R2C3"
            },
            {
              "row": 3,
              "col": 0,
              "x0": 170.7098516586032,
              "y0": 251.0180390855256,
              "x1": 260.47943158108825,
              "y1": 285.42306881780144,
              "text": "Cell R3C0"
            },
            {
              "row": 3,
              "col": 1,
              "x0": 260.47943158108825,
              "y0": 251.0180390855256,
              "x1": 350.2490115035733,
              "y1": 285.42306881780144,
              "text": "Cell R3C1"
            },
            {
              "row": 3,
              "col": 2,
              "x0": 350.2490115035733,
              "y0": 251.0180390855256,
              "x1": 440.0185914260583,
              "y1": 285.42306881780144,
              "text": "Cell R3C2"
            },
            {
              "row": 3,
              "col": 3,
              "x0": 440.0185914260583,
              "y0": 251.0180390855256,
              "x1": 529.7881713485433,
              "y1": 285.42306881780144,
              "text": "Cell R3C3"
            },
            {
              "row": 4,
              "col": 0,
              "x0": 170.7098516586032,
              "y0": 285.42306881780144,
              "x1": 260.47943158108825,
              "y1": 319.82809855007724,
              "text": "Cell R4C0"
            },
            {
              "row": 4,
              "col": 1,
              "x0": 260.47943158108825,
              "y0": 285.42306881780144,
              "x1": 350.2490115035733,
              "y1": 319.82809855007724,
              "text": "Cell R4C1"
            },
            {
              "row": 4,
              "col": 2,
              "x0": 350.2490115035733,
              "y0": 285.42306881780144,
              "x1": 440.0185914260583,
              "y1": 319.82809855007724,
              "text": "Cell R4C2"
            },
            {
              "row": 4,
              "col": 3,
              "x0": 440.0185914260583,
              "y0": 285.42306881780144,
              "x1": 529.7881713485433,
              "y1": 319.82809855007724,
              "text": "Cell R4C3"
            }
          ]
        },
        {
          "x0": 53.229193932133036,
          "y0": 308.86000542224593,
          "x1": 365.2481388799656,
          "y1": 546.0611855347131,
          "rows": 4,
          "cols": 3,
          "cells": [
            {
              "row": 0,
              "col": 0,
              "x0": 53.229193932133036,
              "y0": 308.86000542224593,
              "x1": 157.2355089147439,
              "y1": 368.1603004503627,
              "text": "Cell R0C0"
            },
            {
              "row": 0,
              "col": 1,
              "x0": 157.2355089147439,
              "y0": 308.86000542224593,
              "x1": 261.2418238973547,
              "y1": 368.1603004503627,
              "text": "Cell R0C1"
            },
            {
              "row": 0,
              "col": 2,
              "x0": 261.2418238973547,
              "y0": 308.86000542224593,
              "x1": 365.24813887996555,
              "y1": 368.1603004503627,
              "text": "Cell R0C2"
            },
            {
              "row": 1,
              "col": 0,
              "x0": 53.229193932133036,
              "y0": 368.1603004503627,
              "x1": 157.2355089147439,
              "y1": 427.4605954784795,
              "text": "Cell R1C0"
            },
            {
              "row": 1,
              "col": 1,
              "x0": 157.2355089147439,
              "y0": 368.1603004503627,
              "x1": 261.2418238973547,
              "y1": 427.4605954784795,
              "text": "Cell R1C1"
            },
            {
              "row": 1,
              "col": 2,
              "x0": 261.2418238973547,
              "y0": 368.1603004503627,
              "x1": 365.24813887996555,
              "y1": 427.4605954784795,
              "text": "Cell R1C2"
            },
            {
              "row": 2,
              "col": 0,
              "x0": 53.229193932133036,
              "y0": 427.4605954784795,
              "x1": 157.2355089147439,
              "y1": 486.7608905065963,
              "text": "Cell R2C0"
            },
            {
              "row": 2,
              "col": 1,
              "x0": 157.2355089147439,
              "y0": 427.4605954784795,
              "x1": 261.2418238973547,
              "y1": 486.7608905065963,
              "text": "Cell R2C1"
            },
            {
              "row": 2,
              "col": 2,
              "x0": 261.2418238973547,
              "y0": 427.4605954784795,
              "x1": 365.24813887996555,
              "y1": 486.7608905065963,
              "text": "Cell R2C2"
            },
            {
              "row": 3,
              "col": 0,
              "x0": 53.229193932133036,
              "y0": 486.7608905065963,
              "x1": 157.2355089147439,
              "y1": 546.0611855347131,
              "text": "Cell R3C0"
            },
            {
              "row": 3,
              "col": 1,
              "x0": 157.2355089147439,
              "y0": 486.7608905065963,
              "x1": 261.2418238973547,
              "y1": 546.0611855347131,
              "text": "Cell R3C1"
            },
            {
              "row": 3,
              "col": 2,
              "x0": 261.2418238973547,
              "y0": 486.7608905065963,
              "x1": 365.24813887996555,
              "y1": 546.0611855347131,
              "text": "Cell R3C2"
            }
          ]
        }
      ],
      "figures": []
    },
    {
      "width": 612,
      "height": 792,
      "number": 2,
      "blocks": [
        {
          "x0": 50.0,
          "y0": 50.0,
          "x1": 218.4159696082234,
          "y1": 76.73028034663328,
          "text": "This is text block 1. It contains sample text for testing.",
          "font": "Arial",
          "font_size": 12.0,
          "confidence": 0.99
        },
        {
          "x0": 306.0,
          "y0": 50.0,
          "x1": 498.8891329839979,
          "y1": 70.85089846596796,
          "text": "This is text block 2. It contains sample text for testing.",
          "font": "Arial",
          "font_size": 12.0,
          "confidence": 0.99
        },
        {
          "x0": 50.0,
          "y0": 280.66666666666663,
          "x1": 226.37680200540058,
          "y1": 312.24986565234036,
          "text": "This is text block 3. It contains sample text for testing.",
          "font": "Arial",
          "font_size": 12.0,
          "confidence": 0.99
        },
        {
          "x0": 306.0,
          "y0": 280.66666666666663,
          "x1": 480.5218467367119,
          "y1": 308.8556428856689,
          "text": "This is text block 4. It contains sample text for testing.",
          "font": "Arial",
          "font_size": 12.0,
          "confidence": 0.99
        },
        {
          "x0": 50.0,
          "y0": 511.3333333333333,
          "x1": 160.22447695472735,
          "y1": 538.0908185012119,
          "text": "This is text block 5. It contains sample text for testing.",
          "font": "Arial",
          "font_size": 12.0,
          "confidence": 0.99
        },
        {
          "x0": 306.0,
          "y0": 511.3333333333333,
          "x1": 435.78520922039115,
          "y1": 546.6835126736158,
          "text": "This is text block 6. It contains sample text for testing.",
          "font": "Arial",
          "font_size": 12.0,
          "confidence": 0.99
        },
        {
          "x0": 161.92747396468104,
          "y0": 374.2333646729165,
          "x1": 356.6418508618578,
          "y1": 407.34302366849766,
          "text": "This is text block 7. It contains sample text for testing.",
          "font": "Arial",
          "font_size": 12.0,
          "confidence": 0.99
        },
        {
          "x0": 152.0294948618077,
          "y0": 640.4323519887807,
          "x1": 408.92780001656945,
          "y1": 671.2768445321174,
          "text": "This is text block 8. It contains sample text for testing.",
          "font": "Arial",
          "font_size": 12.0,
          "confidence": 0.99
        },
        {
          "x0": 214.02316927663762,
          "y0": 234.12474516883975,
          "x1": 500.82630011567335,
          "y1": 267.20871905209736,
          "text": "This is text block 9. It contains sample text for testing.",
          "font": "Arial",
          "font_size": 12.0,
          "confidence": 0.99
        },
        {
          "x0": 130.89631550033428,
          "y0": 415.86037680896897,
          "x1": 344.8797744854231,
          "y1": 441.58311133395256,
          "text": "This is text block 10. It contains sample text for testing.",
          "font": "Arial",
          "font_size": 12.0,
          "confidence": 0.99
        }
      ],
      "tables": [
        {
          "x0": 166.55336177049975,
          "y0": 455.69821182684757,
          "x1": 559.0283863044269,
          "y1": 635.0230331776738,
          "rows": 5,
          "cols": 3,
          "cells": [
            {
              "row": 0,
              "col": 0,
              "x0": 166.55336177049975,
              "y0": 455.69821182684757,
              "x1": 297.3783699484755,
              "y1": 491.56317609701284,
              "text": "Cell R0C0"
            },
            {
              "row": 0,
              "col": 1,
              "x0": 297.3783699484755,
              "y0": 455.69821182684757,
              "x1": 428.20337812645124,
              "y1": 491.56317609701284,
              "text": "Cell R0C1"
            },
            {
              "row": 0,
              "col": 2,
              "x0": 428.20337812645124,
              "y0": 455.69821182684757,
              "x1": 559.0283863044269,
              "y1": 491.56317609701284,
              "text": "Cell R0C2"
            },
            {
              "row": 1,
              "col": 0,
              "x0": 166.55336177049975,
              "y0": 491.56317609701284,
              "x1": 297.3783699484755,
              "y1": 527.4281403671781,
              "text": "Cell R1C0"
            },
            {
              "row": 1,
              "col": 1,
              "x0": 297.3783699484755,
              "y0": 491.56317609701284,
              "x1": 428.20337812645124,
              "y1": 527.4281403671781,
              "text": "Cell R1C1"
            },
            {
              "row": 1,
              "col": 2,
              "x0": 428.20337812645124,
              "y0": 491.56317609701284,
              "x1": 559.0283863044269,
              "y1": 527.4281403671781,
              "text": "Cell R1C2"
            },
            {
              "row": 2,
              "col": 0,
              "x0": 166.55336177049975,
              "y0": 527.4281403671781,
              "x1": 297.3783699484755,
              "y1": 563.2931046373434,
              "text": "Cell R2C0"
            },
            {
              "row": 2,
              "col": 1,
              "x0": 297.3783699484755,
              "y0": 527.4281403671781,
              "x1": 428.20337812645124,
              "y1": 563.2931046373434,
              "text": "Cell R2C1"
            },
            {
              "row": 2,
              "col": 2,
              "x0": 428.20337812645124,
              "y0": 527.4281403671781,
              "x1": 559.0283863044269,
              "y1": 563.2931046373434,
              "text": "Cell R2C2"
            },
            {
              "row": 3,
              "col": 0,
              "x0": 166.55336177049975,
              "y0": 563.2931046373433,
              "x1": 297.3783699484755,
              "y1": 599.1580689075086,
              "text": "Cell R3C0"
            },
            {
              "row": 3,
              "col": 1,
              "x0": 297.3783699484755,
              "y0": 563.2931046373433,
              "x1": 428.20337812645124,
              "y1": 599.1580689075086,
              "text": "Cell R3C1"
            },
            {
              "row": 3,
              "col": 2,
              "x0": 428.20337812645124,
              "y0": 563.2931046373433,
              "x1": 559.0283863044269,
              "y1": 599.1580689075086,
              "text": "Cell R3C2"
            },
            {
              "row": 4,
              "col": 0,
              "x0": 166.55336177049975,
              "y0": 599.1580689075086,
              "x1": 297.3783699484755,
              "y1": 635.0230331776738,
              "text": "Cell R4C0"
            },
            {
              "row": 4,
              "col": 1,
              "x0": 297.3783699484755,
              "y0": 599.1580689075086,
              "x1": 428.20337812645124,
              "y1": 635.0230331776738,
              "text": "Cell R4C1"
            },
            {
              "row": 4,
              "col": 2,
              "x0": 428.20337812645124,
              "y0": 599.1580689075086,
              "x1": 559.0283863044269,
              "y1": 635.0230331776738,
              "text": "Cell R4C2"
            }
          ]
        },
        {
          "x0": 183.28315755048237,
          "y0": 204.7255158592922,
          "x1": 511.9483769345744,
          "y1": 359.4012876417588,
          "rows": 6,
          "cols": 4,
          "cells": [
            {
              "row": 0,
              "col": 0,
              "x0": 183.28315755048237,
              "y0": 204.7255158592922,
              "x1": 265.4494623965054,
              "y1": 230.50481115636995,
              "text": "Cell R0C0"
            },
            {
              "row": 0,
              "col": 1,
              "x0": 265.4494623965054,
              "y0": 204.7255158592922,
              "x1": 347.6157672425284,
              "y1": 230.50481115636995,
              "text": "Cell R0C1"
            },
            {
              "row": 0,
              "col": 2,
              "x0": 347.61576724252836,
              "y0": 204.7255158592922,
              "x1": 429.7820720885514,
              "y1": 230.50481115636995,
              "text": "Cell R0C2"
            },
            {
              "row": 0,
              "col": 3,
              "x0": 429.7820720885514,
              "y0": 204.7255158592922,
              "x1": 511.9483769345744,
              "y1": 230.50481115636995,
              "text": "Cell R0C3"
            },
            {
              "row": 1,
              "col": 0,
              "x0": 183.28315755048237,
              "y0": 230.50481115636995,
              "x1": 265.4494623965054,
              "y1": 256.28410645344775,
              "text": "Cell R1C0"
            },
            {
              "row": 1,
              "col": 1,
              "x0": 265.4494623965054,
              "y0": 230.50481115636995,
              "x1": 347.6157672425284,
              "y1": 256.28410645344775,
              "text": "Cell R1C1"
            },
            {
              "row": 1,
              "col": 2,
              "x0": 347.61576724252836,
              "y0": 230.50481115636995,
              "x1": 429.7820720885514,
              "y1": 256.28410645344775,
              "text": "Cell R1C2"
            },
            {
              "row": 1,
              "col": 3,
              "x0": 429.7820720885514,
              "y0": 230.50481115636995,
              "x1": 511.9483769345744,
              "y1": 256.28410645344775,
              "text": "Cell R1C3"
            },
            {
              "row": 2,
              "col": 0,
              "x0": 183.28315755048237,
              "y0": 256.28410645344775,
              "x1": 265.4494623965054,
              "y1": 282.06340175052554,
              "text": "Cell R2C0"
            },
            {
              "row": 2,
              "col": 1,
              "x0": 265.4494623965054,
              "y0": 256.28410645344775,
              "x1": 347.6157672425284,
              "y1": 282.06340175052554,
              "text": "Cell R2C1"
            },
            {
              "row": 2,
              "col": 2,
              "x0": 347.61576724252836,
              "y0": 256.28410645344775,
              "x1": 429.7820720885514,
              "y1": 282.06340175052554,
              "text": "Cell R2C2"
            },
            {
              "row": 2,
              "col": 3,
              "x0": 429.7820720885514,
              "y0": 256.28410645344775,
              "x1": 511.9483769345744,
              "y1": 282.06340175052554,
              "text": "Cell R2C3"
            },
            {
              "row": 3,
              "col": 0,
              "x0": 183.28315755048237,
              "y0": 282.0634017505255,
              "x1": 265.4494623965054,
              "y1": 307.8426970476033,
              "text": "Cell R3C0"
            },
            {
              "row": 3,
              "col": 1,
              "x0": 265.4494623965054,
              "y0": 282.0634017505255,
              "x1": 347.6157672425284,
              "y1": 307.8426970476033,
              "text": "Cell R3C1"
            },
            {
              "row": 3,
              "col": 2,
              "x0": 347.61576724252836,
              "y0": 282.0634017505255,
              "x1": 429.7820720885514,
              "y1": 307.8426970476033,
              "text": "Cell R3C2"
            },
            {
              "row": 3,
              "col": 3,
              "x0": 429.7820720885514,
              "y0": 282.0634017505255,
              "x1": 511.9483769345744,
              "y1": 307.8426970476033,
              "text": "Cell R3C3"
            },
            {
              "row": 4,
              "col": 0,
              "x0": 183.28315755048237,
              "y0": 307.8426970476033,
              "x1": 265.4494623965054,
              "y1": 333.6219923446811,
              "text": "Cell R4C0"
            },
            {
              "row": 4,
              "col": 1,
              "x0": 265.4494623965054,
              "y0": 307.8426970476033,
              "x1": 347.6157672425284,
              "y1": 333.6219923446811,
              "text": "Cell R4C1"
            },
            {
              "row": 4,
              "col": 2,
              "x0": 347.61576724252836,
              "y0": 307.8426970476033,
              "x1": 429.7820720885514,
              "y1": 333.6219923446811,
              "text": "Cell R4C2"
            },
            {
              "row": 4,
              "col": 3,
              "x0": 429.7820720885514,
              "y0": 307.8426970476033,
              "x1": 511.9483769345744,
              "y1": 333.6219923446811,
              "text": "Cell R4C3"
            },
            {
              "row": 5,
              "col": 0,
              "x0": 183.28315755048237,
              "y0": 333.6219923446811,
              "x1": 265.4494623965054,
              "y1": 359.40128764175887,
              "text": "Cell R5C0"
            },
            {
              "row": 5,
              "col": 1,
              "x0": 265.4494623965054,
              "y0": 333.6219923446811,
              "x1": 347.6157672425284,
              "y1": 359.40128764175887,
              "text": "Cell R5C1"
            },
            {
              "row": 5,
              "col": 2,
              "x0": 347.61576724252836,
              "y0": 333.6219923446811,
              "x1": 429.7820720885514,
              "y1": 359.40128764175887,
              "text": "Cell R5C2"
            },
            {
              "row": 5,
              "col": 3,
              "x0": 429.7820720885514,
              "y0": 333.6219923446811,
              "x1": 511.9483769345744,
              "y1": 359.40128764175887,
              "text": "Cell R5C3"
            }
          ]
        }
      ],
      "figures": []
    }
  ],
  "metadata": {
    "title": "Sample4 Tables",
    "author": "Test Author",
    "creator": "PDF Test Generator",
    "producer": "Python Test Script",
    "subject": "Test Document",
    "keywords": [
      "test",
      "pdf",
      "synthetic"
    ],
    "created": "2023-06-15T12:00:00Z",
    "modified": "2023-06-15T12:00:00Z",
    "pages": 2
  },
  "version": "1.0.0"
}